
> kanban-app@0.1.0 test
> vitest

Ôùç injected env (13) from .env.local // tip: Ôùê secrets for agents [www.dotenvx.com]
Ôùç injected env (0) from .env.local // tip: Ôîü auth for agents [www.vestauth.com]
Ôùç injected env (0) from .env.local // tip: Ôîÿ custom filepath { path: '/custom/path/.env' }

[1m[30m[46m RUN [49m[39m[22m [36mv4.1.4 [39m[90mC:/git/kanban.2[39m

 [32mÔ£ô[39m [30m[43m 0 [49m[39m src/components/ui/molecules/ConversationCard.test.tsx[2m > [22mConversationCard[2m > [22mrendering[2m > [22mshould render name[32m 201[2mms[22m[39m
 [32mÔ£ô[39m [30m[43m 0 [49m[39m src/components/ui/molecules/ConversationCard.test.tsx[2m > [22mConversationCard[2m > [22mrendering[2m > [22mshould render phone[32m 21[2mms[22m[39m
 [32mÔ£ô[39m [30m[43m 0 [49m[39m src/components/ui/molecules/ConversationCard.test.tsx[2m > [22mConversationCard[2m > [22mrendering[2m > [22mshould render timestamp[32m 16[2mms[22m[39m
 [32mÔ£ô[39m [30m[43m 0 [49m[39m src/components/ui/molecules/ConversationCard.test.tsx[2m > [22mConversationCard[2m > [22mrendering[2m > [22mshould render lastMessage when under 80 chars[32m 16[2mms[22m[39m
 [32mÔ£ô[39m [30m[43m 0 [49m[39m src/components/ui/molecules/ConversationCard.test.tsx[2m > [22mConversationCard[2m > [22mrendering[2m > [22mshould truncate lastMessage over 80 chars with ellipsis[32m 23[2mms[22m[39m
 [32mÔ£ô[39m [30m[43m 0 [49m[39m src/components/ui/molecules/ConversationCard.test.tsx[2m > [22mConversationCard[2m > [22mrendering[2m > [22mshould show unread badge when unreadCount > 0[32m 20[2mms[22m[39m
 [32mÔ£ô[39m [30m[43m 0 [49m[39m src/components/ui/molecules/ConversationCard.test.tsx[2m > [22mConversationCard[2m > [22mrendering[2m > [22mshould not show unread badge when unreadCount is 0[32m 16[2mms[22m[39m
 [32mÔ£ô[39m [30m[43m 0 [49m[39m src/components/ui/molecules/ConversationCard.test.tsx[2m > [22mConversationCard[2m > [22mrendering[2m > [22mshould not show unread badge when unreadCount is undefined[32m 22[2mms[22m[39m
 [32mÔ£ô[39m [30m[43m 0 [49m[39m src/components/ui/molecules/ConversationCard.test.tsx[2m > [22mConversationCard[2m > [22maccessibility attributes[2m > [22mshould have role="button"[33m 504[2mms[22m[39m
 [32mÔ£ô[39m [30m[43m 0 [49m[39m src/components/ui/molecules/ConversationCard.test.tsx[2m > [22mConversationCard[2m > [22maccessibility attributes[2m > [22mshould have tabIndex={0}[32m 71[2mms[22m[39m
 [32mÔ£ô[39m [30m[43m 0 [49m[39m src/components/ui/molecules/ConversationCard.test.tsx[2m > [22mConversationCard[2m > [22maccessibility attributes[2m > [22mshould have descriptive aria-label[32m 56[2mms[22m[39m
 [32mÔ£ô[39m [30m[43m 0 [49m[39m src/components/ui/molecules/ConversationCard.test.tsx[2m > [22mConversationCard[2m > [22maccessibility attributes[2m > [22mshould have aria-pressed=false when not selected[32m 50[2mms[22m[39m
 [32mÔ£ô[39m [30m[43m 0 [49m[39m src/components/ui/molecules/ConversationCard.test.tsx[2m > [22mConversationCard[2m > [22maccessibility attributes[2m > [22mshould have aria-pressed=true when selected[32m 40[2mms[22m[39m
 [32mÔ£ô[39m [30m[43m 0 [49m[39m src/components/ui/molecules/ConversationCard.test.tsx[2m > [22mConversationCard[2m > [22minteraction[2m > [22mshould call onClick when clicked[32m 173[2mms[22m[39m
 [32mÔ£ô[39m [30m[43m 0 [49m[39m src/components/ui/molecules/ConversationCard.test.tsx[2m > [22mConversationCard[2m > [22minteraction[2m > [22mshould call onClick when Enter is pressed[32m 94[2mms[22m[39m
 [32mÔ£ô[39m [30m[43m 0 [49m[39m src/components/ui/molecules/ConversationCard.test.tsx[2m > [22mConversationCard[2m > [22minteraction[2m > [22mshould call onClick when Space is pressed[32m 50[2mms[22m[39m
 [32mÔ£ô[39m [30m[43m 0 [49m[39m src/components/ui/molecules/ConversationCard.test.tsx[2m > [22mConversationCard[2m > [22minteraction[2m > [22mshould not call onClick for other keys[32m 105[2mms[22m[39m
 [32mÔ£ô[39m [30m[43m 0 [49m[39m src/components/ui/molecules/ConversationCard.test.tsx[2m > [22mConversationCard[2m > [22maccessibility[2m > [22mshould have no a11y violations[32m 234[2mms[22m[39m
 [32mÔ£ô[39m [30m[43m 0 [49m[39m src/components/ui/molecules/ConversationCard.test.tsx[2m > [22mConversationCard[2m > [22maccessibility[2m > [22mshould have no a11y violations when selected[32m 145[2mms[22m[39m
 [32mÔ£ô[39m [30m[43m 0 [49m[39m src/components/ui/atoms/button.test.tsx[2m > [22mButton[2m > [22mrenders with primary variant by default[33m 897[2mms[22m[39m
 [32mÔ£ô[39m [30m[43m 0 [49m[39m src/components/ui/atoms/button.test.tsx[2m > [22mButton[2m > [22mrenders with secondary variant[32m 53[2mms[22m[39m
 [32mÔ£ô[39m [30m[43m 0 [49m[39m src/components/ui/atoms/button.test.tsx[2m > [22mButton[2m > [22mrenders with ghost variant[32m 58[2mms[22m[39m
 [32mÔ£ô[39m [30m[43m 0 [49m[39m src/components/ui/__tests__/theme-toggle.test.tsx[2m > [22mThemeToggle[2m > [22mrenders with initial light theme[33m 858[2mms[22m[39m
 [32mÔ£ô[39m [30m[43m 0 [49m[39m src/components/ui/atoms/button.test.tsx[2m > [22mButton[2m > [22mrenders with different sizes[32m 228[2mms[22m[39m
 [32mÔ£ô[39m [30m[43m 0 [49m[39m src/components/ui/atoms/button.test.tsx[2m > [22mButton[2m > [22mhandles disabled state[32m 59[2mms[22m[39m
 [32mÔ£ô[39m [30m[43m 0 [49m[39m src/components/ui/__tests__/theme-toggle.test.tsx[2m > [22mThemeToggle[2m > [22mrespects localStorage theme preference on mount[32m 166[2mms[22m[39m
 [32mÔ£ô[39m [30m[43m 0 [49m[39m src/components/ui/atoms/button.test.tsx[2m > [22mButton[2m > [22mhandles loading state[32m 74[2mms[22m[39m
 [32mÔ£ô[39m [30m[43m 0 [49m[39m src/components/ui/__tests__/theme-toggle.test.tsx[2m > [22mThemeToggle[2m > [22mtoggles theme when button is clicked[32m 186[2mms[22m[39m
 [32mÔ£ô[39m [30m[43m 0 [49m[39m src/components/ui/__tests__/theme-toggle.test.tsx[2m > [22mThemeToggle[2m > [22mpersists theme choice to localStorage[32m 58[2mms[22m[39m
 [32mÔ£ô[39m [30m[43m 0 [49m[39m src/components/ui/__tests__/theme-toggle.test.tsx[2m > [22mThemeToggle[2m > [22mhas proper accessibility attributes[32m 40[2mms[22m[39m
 [32mÔ£ô[39m [30m[43m 0 [49m[39m src/components/ui/atoms/button.test.tsx[2m > [22mButton[2m > [22mhandles click events[32m 160[2mms[22m[39m
 [32mÔ£ô[39m [30m[43m 0 [49m[39m src/components/ui/atoms/button.test.tsx[2m > [22mButton[2m > [22mrenders with icon[32m 17[2mms[22m[39m
 [32mÔ£ô[39m [30m[43m 0 [49m[39m src/components/ui/__tests__/theme-toggle.test.tsx[2m > [22mThemeToggle[2m > [22mupdates aria-label and aria-pressed when toggling[32m 109[2mms[22m[39m
 [32mÔ£ô[39m [30m[43m 0 [49m[39m src/components/ui/__tests__/theme-toggle.test.tsx[2m > [22mThemeToggle[2m > [22mdisplays loading state during hydration[32m 47[2mms[22m[39m
 [32mÔ£ô[39m [30m[43m 0 [49m[39m src/components/ui/__tests__/theme-toggle.test.tsx[2m > [22mThemeToggle[2m > [22mapplies design system tokens for colors and spacing[32m 52[2mms[22m[39m
 [32mÔ£ô[39m [30m[43m 0 [49m[39m src/components/ui/__tests__/theme-toggle.test.tsx[2m > [22mThemeToggle[2m > [22msupports focus ring with proper offset[32m 33[2mms[22m[39m
 [32mÔ£ô[39m [30m[43m 0 [49m[39m src/components/ui/__tests__/theme-toggle.test.tsx[2m > [22mThemeToggle[2m > [22mapplies hover state with design tokens[32m 30[2mms[22m[39m
 [32mÔ£ô[39m [30m[43m 0 [49m[39m src/components/ui/atoms/button.test.tsx[2m > [22mButton[2m > [22mhas no accessibility violations[32m 254[2mms[22m[39m
 [32mÔ£ô[39m [30m[43m 0 [49m[39m src/components/ui/atoms/button.test.tsx[2m > [22mButton[2m > [22mmaintains focus after click[32m 87[2mms[22m[39m
 [32mÔ£ô[39m [30m[43m 0 [49m[39m src/components/ui/atoms/input.test.tsx[2m > [22mInput[2m > [22mrenders input element[32m 289[2mms[22m[39m
 [32mÔ£ô[39m [30m[43m 0 [49m[39m src/components/ui/atoms/input.test.tsx[2m > [22mInput[2m > [22mhandles text input[33m 899[2mms[22m[39m
 [32mÔ£ô[39m [30m[43m 0 [49m[39m src/components/ui/atoms/input.test.tsx[2m > [22mInput[2m > [22mshows error state[32m 31[2mms[22m[39m
 [32mÔ£ô[39m [30m[43m 0 [49m[39m src/components/ui/atoms/input.test.tsx[2m > [22mInput[2m > [22mdisplays helper text[32m 11[2mms[22m[39m
 [32mÔ£ô[39m [30m[43m 0 [49m[39m src/components/ui/atoms/input.test.tsx[2m > [22mInput[2m > [22mhandles disabled state[32m 23[2mms[22m[39m
 [32mÔ£ô[39m [30m[43m 0 [49m[39m src/components/ui/atoms/input.test.tsx[2m > [22mInput[2m > [22mhandles different input types[32m 21[2mms[22m[39m
 [32mÔ£ô[39m [30m[43m 0 [49m[39m src/components/ui/atoms/input.test.tsx[2m > [22mInput[2m > [22mhas no accessibility violations[32m 188[2mms[22m[39m
 [32mÔ£ô[39m [30m[43m 0 [49m[39m src/components/ui/atoms/input.test.tsx[2m > [22mInput[2m > [22mfocuses when clicked[32m 119[2mms[22m[39m
 [32mÔ£ô[39m [30m[43m 0 [49m[39m src/components/layout/Sidebar.test.tsx[2m > [22mSidebar Component[2m > [22mrenders navigation on desktop[33m 939[2mms[22m[39m
 [32mÔ£ô[39m [30m[43m 0 [49m[39m src/components/layout/Sidebar.test.tsx[2m > [22mSidebar Component[2m > [22mrenders all navigation items[32m 71[2mms[22m[39m
 [32mÔ£ô[39m [30m[43m 0 [49m[39m src/components/ui/molecules/KanbanSelector.test.tsx[2m > [22mKanbanSelector[2m > [22mrendering[2m > [22mshould render all options[33m 1001[2mms[22m[39m
 [32mÔ£ô[39m [30m[43m 0 [49m[39m src/components/layout/Sidebar.test.tsx[2m > [22mSidebar Component[2m > [22mrenders mobile hamburger button[32m 112[2mms[22m[39m
 [32mÔ£ô[39m [30m[43m 0 [49m[39m src/components/ui/molecules/KanbanSelector.test.tsx[2m > [22mKanbanSelector[2m > [22mrendering[2m > [22mshould reflect the selected value[32m 111[2mms[22m[39m
 [32mÔ£ô[39m [30m[43m 0 [49m[39m src/components/ui/molecules/KanbanSelector.test.tsx[2m > [22mKanbanSelector[2m > [22mrendering[2m > [22mshould render empty when no options[32m 80[2mms[22m[39m
 [32mÔ£ô[39m [30m[43m 0 [49m[39m src/components/layout/Sidebar.test.tsx[2m > [22mSidebar Component[2m > [22mopens drawer on hamburger click[32m 219[2mms[22m[39m
 [32mÔ£ô[39m [30m[43m 0 [49m[39m src/components/ui/molecules/KanbanSelector.test.tsx[2m > [22mKanbanSelector[2m > [22minteraction[2m > [22mshould call onValueChange when selection changes[32m 265[2mms[22m[39m
 [32mÔ£ô[39m [30m[43m 0 [49m[39m src/components/layout/Sidebar.test.tsx[2m > [22mSidebar Component[2m > [22mmarks active link with aria-current[33m 313[2mms[22m[39m
 [32mÔ£ô[39m [30m[43m 0 [49m[39m src/components/ui/molecules/KanbanSelector.test.tsx[2m > [22mKanbanSelector[2m > [22maccessibility attributes[2m > [22mshould accept and pass id prop to select[32m 135[2mms[22m[39m
 [32mÔ£ô[39m [30m[43m 0 [49m[39m src/components/ui/molecules/KanbanSelector.test.tsx[2m > [22mKanbanSelector[2m > [22maccessibility attributes[2m > [22mshould have aria-hidden on the chevron icon[32m 20[2mms[22m[39m
 [32mÔ£ô[39m [30m[43m 0 [49m[39m src/components/layout/Sidebar.test.tsx[2m > [22mSidebar Component[2m > [22mapplies active styles to current route[32m 222[2mms[22m[39m
 [32mÔ£ô[39m [30m[43m 0 [49m[39m src/components/layout/Sidebar.test.tsx[2m > [22mSidebar Component[2m > [22mapplies dark mode classes[32m 66[2mms[22m[39m
 [32mÔ£ô[39m [30m[43m 0 [49m[39m src/components/layout/Sidebar.test.tsx[2m > [22mSidebar Component[2m > [22mrenders nav links as internal links[32m 132[2mms[22m[39m
 [32mÔ£ô[39m [30m[43m 0 [49m[39m src/components/ui/molecules/KanbanSelector.test.tsx[2m > [22mKanbanSelector[2m > [22maccessibility[2m > [22mshould have no a11y violations[33m 392[2mms[22m[39m
 [32mÔ£ô[39m [30m[43m 0 [49m[39m src/components/layout/UserMenu.test.tsx[2m > [22mUserMenu Component[2m > [22mrenders trigger button with avatar[33m 899[2mms[22m[39m
 [32mÔ£ô[39m [30m[43m 0 [49m[39m src/components/layout/UserMenu.test.tsx[2m > [22mUserMenu Component[2m > [22mopens dropdown on click[32m 214[2mms[22m[39m
 [32mÔ£ô[39m [30m[43m 0 [49m[39m src/components/layout/UserMenu.test.tsx[2m > [22mUserMenu Component[2m > [22mcloses dropdown on escape key[32m 170[2mms[22m[39m
 [32mÔ£ô[39m [30m[43m 0 [49m[39m src/components/layout/UserMenu.test.tsx[2m > [22mUserMenu Component[2m > [22mhas aria-expanded attribute[32m 83[2mms[22m[39m
 [32mÔ£ô[39m [30m[43m 0 [49m[39m src/components/layout/UserMenu.test.tsx[2m > [22mUserMenu Component[2m > [22mcloses on outside click[32m 139[2mms[22m[39m
 [32mÔ£ô[39m [30m[43m 0 [49m[39m src/components/layout/UserMenu.test.tsx[2m > [22mUserMenu Component[2m > [22mhas profile and logout menu items[32m 84[2mms[22m[39m
 [32mÔ£ô[39m [30m[43m 0 [49m[39m src/components/layout/UserMenu.test.tsx[2m > [22mUserMenu Component[2m > [22mapplies dark mode styles[32m 37[2mms[22m[39m
 [32mÔ£ô[39m [30m[43m 0 [49m[39m src/components/ui/molecules/card.test.tsx[2m > [22mCard[2m > [22mrenders card container[33m 451[2mms[22m[39m
 [32mÔ£ô[39m [30m[43m 0 [49m[39m src/components/ui/molecules/card.test.tsx[2m > [22mCard[2m > [22mrenders with header and title[32m 175[2mms[22m[39m
 [32mÔ£ô[39m [30m[43m 0 [49m[39m src/components/ui/molecules/card.test.tsx[2m > [22mCard[2m > [22mrenders with description[32m 161[2mms[22m[39m
 [32mÔ£ô[39m [30m[43m 0 [49m[39m src/components/ui/organisms/KanbanColumn.test.tsx[2m > [22mKanbanColumn[2m > [22mrendering[2m > [22mshould render the column title[33m 608[2mms[22m[39m
 [32mÔ£ô[39m [30m[43m 0 [49m[39m src/components/ui/organisms/KanbanColumn.test.tsx[2m > [22mKanbanColumn[2m > [22mrendering[2m > [22mshould render count when provided[32m 108[2mms[22m[39m
 [32mÔ£ô[39m [30m[43m 0 [49m[39m src/components/ui/organisms/KanbanColumn.test.tsx[2m > [22mKanbanColumn[2m > [22mrendering[2m > [22mshould not render count when undefined[32m 29[2mms[22m[39m
 [32mÔ£ô[39m [30m[43m 0 [49m[39m src/components/ui/organisms/KanbanColumn.test.tsx[2m > [22mKanbanColumn[2m > [22mrendering[2m > [22mshould render children[32m 96[2mms[22m[39m
 [32mÔ£ô[39m [30m[43m 0 [49m[39m src/components/ui/organisms/KanbanColumn.test.tsx[2m > [22mKanbanColumn[2m > [22msemantics[2m > [22mshould render as a section element[32m 40[2mms[22m[39m
 [32mÔ£ô[39m [30m[43m 0 [49m[39m src/components/ui/molecules/card.test.tsx[2m > [22mCard[2m > [22mrenders complete card structure[32m 123[2mms[22m[39m
 [32mÔ£ô[39m [30m[43m 0 [49m[39m src/components/ui/molecules/card.test.tsx[2m > [22mCard[2m > [22mhas no accessibility violations[33m 1409[2mms[22m[39m
 [32mÔ£ô[39m [30m[43m 0 [49m[39m src/components/ui/organisms/KanbanColumn.test.tsx[2m > [22mKanbanColumn[2m > [22msemantics[2m > [22mshould have aria-label with column title[33m 1025[2mms[22m[39m
 [32mÔ£ô[39m [30m[43m 0 [49m[39m src/components/ui/organisms/KanbanColumn.test.tsx[2m > [22mKanbanColumn[2m > [22msemantics[2m > [22mshould have aria-live on cards container[32m 50[2mms[22m[39m
 [32mÔ£ô[39m [30m[43m 0 [49m[39m src/components/ui/organisms/KanbanColumn.test.tsx[2m > [22mKanbanColumn[2m > [22maccessibility[2m > [22mshould have no a11y violations[33m 452[2mms[22m[39m
[90mstdout[2m | tests/unit/evo-go-client.test.ts[2m > [22m[2mgetEvoGoStatus[2m > [22m[2mshould extract Connected (PascalCase) field
[22m[39m[Evo GO] getEvoGoStatus() called

[90mstdout[2m | tests/unit/evo-go-client.test.ts[2m > [22m[2mgetEvoGoStatus[2m > [22m[2mshould extract Connected (PascalCase) field
[22m[39m[Evo GO] Status response status: 200

[90mstdout[2m | tests/unit/evo-go-client.test.ts[2m > [22m[2mgetEvoGoStatus[2m > [22m[2mshould extract Connected (PascalCase) field
[22m[39m[EvoGo] /instance/status raw response {
  timestamp: [32m'2026-04-22T22:13:13.407Z'[39m,
  endpoint: [32m'/instance/status'[39m,
  status: [33m200[39m,
  dataKeys: [ [32m'Connected'[39m, [32m'LoggedIn'[39m, [32m'Name'[39m ],
  responseBody: [32m'{"Connected":true,"LoggedIn":true,"Name":"test-instance"}'[39m
}
[Evo GO] Status retrieved {
  connected: [33mtrue[39m,
  logged_in: [33mtrue[39m,
  timestamp: [32m'2026-04-22T22:13:13.411Z'[39m
}

[90mstdout[2m | tests/unit/evo-go-client.test.ts[2m > [22m[2mgetEvoGoStatus[2m > [22m[2mshould fallback to connected (camelCase) when Connected not present
[22m[39m[Evo GO] getEvoGoStatus() called

[90mstdout[2m | tests/unit/evo-go-client.test.ts[2m > [22m[2mgetEvoGoStatus[2m > [22m[2mshould fallback to connected (camelCase) when Connected not present
[22m[39m[Evo GO] Status response status: 200

[90mstdout[2m | tests/unit/evo-go-client.test.ts[2m > [22m[2mgetEvoGoStatus[2m > [22m[2mshould fallback to connected (camelCase) when Connected not present
[22m[39m[EvoGo] /instance/status raw response {
  timestamp: [32m'2026-04-22T22:13:13.504Z'[39m,
  endpoint: [32m'/instance/status'[39m,
  status: [33m200[39m,
  dataKeys: [ [32m'connected'[39m, [32m'logged_in'[39m ],
  responseBody: [32m'{"connected":true,"logged_in":false}'[39m
}
[Evo GO] Status retrieved {
  connected: [33mtrue[39m,
  logged_in: [33mfalse[39m,
  timestamp: [32m'2026-04-22T22:13:13.505Z'[39m
}

 [32mÔ£ô[39m [30m[46m 1 [49m[39m tests/unit/evo-go-client.test.ts[2m > [22mgetEvoGoStatus[2m > [22mshould extract Connected (PascalCase) field[32m 30[2mms[22m[39m
[90mstdout[2m | tests/unit/evo-go-client.test.ts[2m > [22m[2mgetEvoGoStatus[2m > [22m[2mshould preserve false value with nullish coalescing
[22m[39m[Evo GO] getEvoGoStatus() called

[90mstdout[2m | tests/unit/evo-go-client.test.ts[2m > [22m[2mgetEvoGoStatus[2m > [22m[2mshould preserve false value with nullish coalescing
[22m[39m[Evo GO] Status response status: 200

[90mstdout[2m | tests/unit/evo-go-client.test.ts[2m > [22m[2mgetEvoGoStatus[2m > [22m[2mshould preserve false value with nullish coalescing
[22m[39m[EvoGo] /instance/status raw response {
  timestamp: [32m'2026-04-22T22:13:13.521Z'[39m,
  endpoint: [32m'/instance/status'[39m,
  status: [33m200[39m,
  dataKeys: [ [32m'Connected'[39m, [32m'LoggedIn'[39m ],
  responseBody: [32m'{"Connected":false,"LoggedIn":false}'[39m
}
[Evo GO] Status retrieved {
  connected: [33mfalse[39m,
  logged_in: [33mfalse[39m,
  timestamp: [32m'2026-04-22T22:13:13.522Z'[39m
}

[90mstdout[2m | tests/unit/evo-go-client.test.ts[2m > [22m[2mgetEvoGoStatus[2m > [22m[2mshould default to false when fields are missing
[22m[39m[Evo GO] getEvoGoStatus() called

[90mstdout[2m | tests/unit/evo-go-client.test.ts[2m > [22m[2mgetEvoGoStatus[2m > [22m[2mshould default to false when fields are missing
[22m[39m[Evo GO] Status response status: 200

[90mstdout[2m | tests/unit/evo-go-client.test.ts[2m > [22m[2mgetEvoGoStatus[2m > [22m[2mshould default to false when fields are missing
[22m[39m[EvoGo] /instance/status raw response {
  timestamp: [32m'2026-04-22T22:13:13.540Z'[39m,
  endpoint: [32m'/instance/status'[39m,
  status: [33m200[39m,
  dataKeys: [],
  responseBody: [32m'{}'[39m
}
[Evo GO] Status retrieved {
  connected: [33mfalse[39m,
  logged_in: [33mfalse[39m,
  timestamp: [32m'2026-04-22T22:13:13.540Z'[39m
}

[90mstdout[2m | tests/unit/evo-go-client.test.ts[2m > [22m[2mgetEvoGoStatus[2m > [22m[2mshould throw error when response is not ok
[22m[39m[Evo GO] getEvoGoStatus() called

[90mstdout[2m | tests/unit/evo-go-client.test.ts[2m > [22m[2mgetEvoGoStatus[2m > [22m[2mshould throw error when response is not ok
[22m[39m[Evo GO] Status response status: 500

[90mstdout[2m | tests/unit/evo-go-client.test.ts[2m > [22m[2mgetEvoGoStatus[2m > [22m[2mshould throw error when instance token is missing
[22m[39m[Evo GO] getEvoGoStatus() called

[90mstdout[2m | tests/unit/evo-go-client.test.ts[2m > [22m[2mgetEvoGoQRCode[2m > [22m[2mshould extract Qrcode (PascalCase) field
[22m[39m[Evo GO] getEvoGoQRCode() called

[90mstdout[2m | tests/unit/evo-go-client.test.ts[2m > [22m[2mgetEvoGoQRCode[2m > [22m[2mshould extract Qrcode (PascalCase) field
[22m[39m[Evo GO] QR code response status: 200

[90mstdout[2m | tests/unit/evo-go-client.test.ts[2m > [22m[2mgetEvoGoQRCode[2m > [22m[2mshould extract Qrcode (PascalCase) field
[22m[39m[EvoGo] /instance/qr raw response {
  timestamp: [32m'2026-04-22T22:13:13.579Z'[39m,
  endpoint: [32m'/instance/qr'[39m,
  status: [33m200[39m,
  dataKeys: [ [32m'Qrcode'[39m, [32m'Code'[39m ],
  hasQrcode: [33mfalse[39m,
  hasQrcodeCapital: [33mtrue[39m,
  responseBody: [32m'{"Qrcode":"data:image/png;base64,test","Code":"test-code"}'[39m
}
[Evo GO] QR code retrieved successfully { qrCodeLength: [33m26[39m, timestamp: [32m'2026-04-22T22:13:13.618Z'[39m }

 [32mÔ£ô[39m [30m[46m 1 [49m[39m tests/unit/evo-go-client.test.ts[2m > [22mgetEvoGoStatus[2m > [22mshould fallback to connected (camelCase) when Connected not present[32m 95[2mms[22m[39m
 [32mÔ£ô[39m [30m[46m 1 [49m[39m tests/unit/evo-go-client.test.ts[2m > [22mgetEvoGoStatus[2m > [22mshould preserve false value with nullish coalescing[32m 16[2mms[22m[39m
 [32mÔ£ô[39m [30m[46m 1 [49m[39m tests/unit/evo-go-client.test.ts[2m > [22mgetEvoGoStatus[2m > [22mshould default to false when fields are missing[32m 22[2mms[22m[39m
 [32mÔ£ô[39m [30m[46m 1 [49m[39m tests/unit/evo-go-client.test.ts[2m > [22mgetEvoGoStatus[2m > [22mshould throw error when response is not ok[32m 20[2mms[22m[39m
 [32mÔ£ô[39m [30m[46m 1 [49m[39m tests/unit/evo-go-client.test.ts[2m > [22mgetEvoGoStatus[2m > [22mshould throw error when instance token is missing[32m 2[2mms[22m[39m
[90mstdout[2m | tests/unit/evo-go-client.test.ts[2m > [22m[2mgetEvoGoQRCode[2m > [22m[2mshould fallback to qrcode (camelCase) when Qrcode not present
[22m[39m[Evo GO] getEvoGoQRCode() called

[90mstdout[2m | tests/unit/evo-go-client.test.ts[2m > [22m[2mgetEvoGoQRCode[2m > [22m[2mshould fallback to qrcode (camelCase) when Qrcode not present
[22m[39m[Evo GO] QR code response status: 200

[90mstdout[2m | tests/unit/evo-go-client.test.ts[2m > [22m[2mgetEvoGoQRCode[2m > [22m[2mshould fallback to qrcode (camelCase) when Qrcode not present
[22m[39m[EvoGo] /instance/qr raw response {
  timestamp: [32m'2026-04-22T22:13:13.624Z'[39m,
  endpoint: [32m'/instance/qr'[39m,
  status: [33m200[39m,
  dataKeys: [ [32m'qrcode'[39m, [32m'code'[39m ],
  hasQrcode: [33mtrue[39m,
  hasQrcodeCapital: [33mfalse[39m,
  responseBody: [32m'{"qrcode":"data:image/png;base64,camelCase","code":"camelcase-code"}'[39m
}
[Evo GO] QR code retrieved successfully { qrCodeLength: [33m31[39m, timestamp: [32m'2026-04-22T22:13:13.625Z'[39m }

[90mstdout[2m | tests/unit/evo-go-client.test.ts[2m > [22m[2mgetEvoGoQRCode[2m > [22m[2mshould fallback to qr_code (snake_case) when neither PascalCase nor camelCase present
[22m[39m[Evo GO] getEvoGoQRCode() called

[90mstdout[2m | tests/unit/evo-go-client.test.ts[2m > [22m[2mgetEvoGoQRCode[2m > [22m[2mshould fallback to qr_code (snake_case) when neither PascalCase nor camelCase present
[22m[39m[Evo GO] QR code response status: 200

[90mstdout[2m | tests/unit/evo-go-client.test.ts[2m > [22m[2mgetEvoGoQRCode[2m > [22m[2mshould fallback to qr_code (snake_case) when neither PascalCase nor camelCase present
[22m[39m[EvoGo] /instance/qr raw response {
  timestamp: [32m'2026-04-22T22:13:13.633Z'[39m,
  endpoint: [32m'/instance/qr'[39m,
  status: [33m200[39m,
  dataKeys: [ [32m'qr_code'[39m, [32m'code'[39m ],
  hasQrcode: [33mfalse[39m,
  hasQrcodeCapital: [33mfalse[39m,
  responseBody: [32m'{"qr_code":"data:image/png;base64,snakeCase","code":"snakecase-code"}'[39m
}
[Evo GO] QR code retrieved successfully { qrCodeLength: [33m31[39m, timestamp: [32m'2026-04-22T22:13:13.634Z'[39m }

[90mstdout[2m | tests/unit/evo-go-client.test.ts[2m > [22m[2mgetEvoGoQRCode[2m > [22m[2mshould handle mixed case formats (PascalCase + camelCase)
[22m[39m[Evo GO] getEvoGoQRCode() called

[90mstdout[2m | tests/unit/evo-go-client.test.ts[2m > [22m[2mgetEvoGoQRCode[2m > [22m[2mshould handle mixed case formats (PascalCase + camelCase)
[22m[39m[Evo GO] QR code response status: 200

[90mstdout[2m | tests/unit/evo-go-client.test.ts[2m > [22m[2mgetEvoGoQRCode[2m > [22m[2mshould handle mixed case formats (PascalCase + camelCase)
[22m[39m[EvoGo] /instance/qr raw response {
  timestamp: [32m'2026-04-22T22:13:13.637Z'[39m,
  endpoint: [32m'/instance/qr'[39m,
  status: [33m200[39m,
  dataKeys: [ [32m'Qrcode'[39m, [32m'code'[39m ],
  hasQrcode: [33mfalse[39m,
  hasQrcodeCapital: [33mtrue[39m,
  responseBody: [32m'{"Qrcode":"pascal-case-qr","code":"camelcase-code"}'[39m
}
[Evo GO] QR code retrieved successfully { qrCodeLength: [33m14[39m, timestamp: [32m'2026-04-22T22:13:13.638Z'[39m }

[90mstdout[2m | tests/unit/evo-go-client.test.ts[2m > [22m[2mgetEvoGoQRCode[2m > [22m[2mshould return empty strings when QR code not yet generated
[22m[39m[Evo GO] getEvoGoQRCode() called

[90mstdout[2m | tests/unit/evo-go-client.test.ts[2m > [22m[2mgetEvoGoQRCode[2m > [22m[2mshould return empty strings when QR code not yet generated
[22m[39m[Evo GO] QR code response status: 200

[90mstdout[2m | tests/unit/evo-go-client.test.ts[2m > [22m[2mgetEvoGoQRCode[2m > [22m[2mshould return empty strings when QR code not yet generated
[22m[39m[EvoGo] /instance/qr raw response {
  timestamp: [32m'2026-04-22T22:13:13.649Z'[39m,
  endpoint: [32m'/instance/qr'[39m,
  status: [33m200[39m,
  dataKeys: [ [32m'qrcode'[39m, [32m'code'[39m ],
  hasQrcode: [33mtrue[39m,
  hasQrcodeCapital: [33mfalse[39m,
  responseBody: [32m'{"qrcode":"","code":""}'[39m
}
[Evo GO] QR code is empty (not yet generated)

[90mstdout[2m | tests/unit/evo-go-client.test.ts[2m > [22m[2mgetEvoGoQRCode[2m > [22m[2mshould throw error when response is not ok
[22m[39m[Evo GO] getEvoGoQRCode() called

[90mstdout[2m | tests/unit/evo-go-client.test.ts[2m > [22m[2mgetEvoGoQRCode[2m > [22m[2mshould throw error when response is not ok
[22m[39m[Evo GO] QR code response status: 404

[90mstdout[2m | tests/unit/evo-go-client.test.ts[2m > [22m[2mgetEvoGoQRCode[2m > [22m[2mshould throw error when instance token is missing
[22m[39m[Evo GO] getEvoGoQRCode() called

[90mstdout[2m | tests/unit/evo-go-client.test.ts[2m > [22m[2mgetEvoGoQRCode[2m > [22m[2mshould handle timeout errors
[22m[39m[Evo GO] getEvoGoQRCode() called

[90mstdout[2m | tests/unit/evo-go-client.test.ts[2m > [22m[2mgetEvoGoQRCode[2m > [22m[2mshould handle missing data field in response
[22m[39m[Evo GO] getEvoGoQRCode() called

[90mstdout[2m | tests/unit/evo-go-client.test.ts[2m > [22m[2mgetEvoGoQRCode[2m > [22m[2mshould handle missing data field in response
[22m[39m[Evo GO] QR code response status: 200

[90mstdout[2m | tests/unit/evo-go-client.test.ts[2m > [22m[2mgetEvoGoQRCode[2m > [22m[2mshould handle missing data field in response
[22m[39m[EvoGo] /instance/qr raw response {
  timestamp: [32m'2026-04-22T22:13:13.663Z'[39m,
  endpoint: [32m'/instance/qr'[39m,
  status: [33m200[39m,
  dataKeys: [],
  hasQrcode: [33mfalse[39m,
  hasQrcodeCapital: [33mfalse[39m,
  responseBody: [32m'{}'[39m
}
[Evo GO] QR code is empty (not yet generated)

[90mstdout[2m | tests/unit/evo-go-client.test.ts[2m > [22m[2mcallEvoGoCreateInstance ÔÇö DIV-5 fallback[2m > [22m[2mshould extract id from create response directly
[22m[39m[Evo GO] callEvoGoCreateInstance() called
[Evo GO] NODE_ENV: test
[Evo GO] API Key first 20 chars: test-api-key
[Evo GO] Is test key? [33mfalse[39m
[Evo GO] Attempt 1/3
[Evo GO] Calling: https://evogo.renatop.com.br/instance/create
[Evo GO] Using API Key: test-api-k...
[Evo GO] Request body: {
  "name": "kanban-instance-tenant-0",
  "token": "b4ba22bc-d3b8-43a7-9a38-1a59f38c237a"
}

[90mstdout[2m | tests/unit/evo-go-client.test.ts[2m > [22m[2mcallEvoGoCreateInstance ÔÇö DIV-5 fallback[2m > [22m[2mshould extract id from create response directly
[22m[39m[Evo GO] Response status: 200
[Evo GO] Response statusText: undefined

[90mstdout[2m | tests/unit/evo-go-client.test.ts[2m > [22m[2mcallEvoGoCreateInstance ÔÇö DIV-5 fallback[2m > [22m[2mshould extract id from create response directly
[22m[39m[EvoGo] /instance/create raw response {
  timestamp: [32m'2026-04-22T22:13:13.673Z'[39m,
  endpoint: [32m'/instance/create'[39m,
  status: [33m200[39m,
  hasId: [33mtrue[39m,
  hasName: [33mtrue[39m,
  fields: [ [32m'id'[39m, [32m'name'[39m, [32m'token'[39m, [32m'qrcode'[39m ],
  responseBody: [32m'{"id":"instance-123","name":"kanban-instance-tenant01","token":"instance-token-xyz","qrcode":"data:image/png;base64,test"}'[39m
}
[Evo GO] Instance created successfully for tenant tenant-01 { instance_id: [32m'instance-123'[39m, timestamp: [32m'2026-04-22T22:13:13.673Z'[39m }

 [32mÔ£ô[39m [30m[46m 1 [49m[39m tests/unit/evo-go-client.test.ts[2m > [22mgetEvoGoQRCode[2m > [22mshould extract Qrcode (PascalCase) field[32m 46[2mms[22m[39m
 [32mÔ£ô[39m [30m[46m 1 [49m[39m tests/unit/evo-go-client.test.ts[2m > [22mgetEvoGoQRCode[2m > [22mshould fallback to qrcode (camelCase) when Qrcode not present[32m 8[2mms[22m[39m
 [32mÔ£ô[39m [30m[46m 1 [49m[39m tests/unit/evo-go-client.test.ts[2m > [22mgetEvoGoQRCode[2m > [22mshould fallback to qr_code (snake_case) when neither PascalCase nor camelCase present[32m 6[2mms[22m[39m
 [32mÔ£ô[39m [30m[46m 1 [49m[39m tests/unit/evo-go-client.test.ts[2m > [22mgetEvoGoQRCode[2m > [22mshould handle mixed case formats (PascalCase + camelCase)[32m 10[2mms[22m[39m
 [32mÔ£ô[39m [30m[46m 1 [49m[39m tests/unit/evo-go-client.test.ts[2m > [22mgetEvoGoQRCode[2m > [22mshould return empty strings when QR code not yet generated[32m 6[2mms[22m[39m
 [32mÔ£ô[39m [30m[46m 1 [49m[39m tests/unit/evo-go-client.test.ts[2m > [22mgetEvoGoQRCode[2m > [22mshould throw error when response is not ok[32m 3[2mms[22m[39m
 [32mÔ£ô[39m [30m[46m 1 [49m[39m tests/unit/evo-go-client.test.ts[2m > [22mgetEvoGoQRCode[2m > [22mshould throw error when instance token is missing[32m 2[2mms[22m[39m
 [32mÔ£ô[39m [30m[46m 1 [49m[39m tests/unit/evo-go-client.test.ts[2m > [22mgetEvoGoQRCode[2m > [22mshould handle timeout errors[32m 3[2mms[22m[39m
 [32mÔ£ô[39m [30m[46m 1 [49m[39m tests/unit/evo-go-client.test.ts[2m > [22mgetEvoGoQRCode[2m > [22mshould handle missing data field in response[32m 9[2mms[22m[39m
 [32mÔ£ô[39m [30m[46m 1 [49m[39m tests/unit/evo-go-client.test.ts[2m > [22mcallEvoGoCreateInstance ÔÇö DIV-5 fallback[2m > [22mshould extract id from create response directly[32m 9[2mms[22m[39m
[90mstdout[2m | tests/unit/evo-go-client.test.ts[2m > [22m[2mcallEvoGoCreateInstance ÔÇö DIV-5 fallback[2m > [22m[2mDIV-5: should fallback to lookup by name if id missing in response
[22m[39m[Evo GO] callEvoGoCreateInstance() called
[Evo GO] NODE_ENV: test
[Evo GO] API Key first 20 chars: test-api-key
[Evo GO] Is test key? [33mfalse[39m
[Evo GO] Attempt 1/3
[Evo GO] Calling: https://evogo.renatop.com.br/instance/create
[Evo GO] Using API Key: test-api-k...
[Evo GO] Request body: {
  "name": "kanban-instance-tenant-0",
  "token": "fded7538-c640-4d1a-b3cd-4ed774f9f1bd"
}

[90mstdout[2m | tests/unit/evo-go-client.test.ts[2m > [22m[2mcallEvoGoCreateInstance ÔÇö DIV-5 fallback[2m > [22m[2mDIV-5: should fallback to lookup by name if id missing in response
[22m[39m[Evo GO] Response status: 200
[Evo GO] Response statusText: undefined

[90mstdout[2m | tests/unit/evo-go-client.test.ts[2m > [22m[2mcallEvoGoCreateInstance ÔÇö DIV-5 fallback[2m > [22m[2mDIV-5: should fallback to lookup by name if id missing in response
[22m[39m[EvoGo] /instance/create raw response {
  timestamp: [32m'2026-04-22T22:13:13.737Z'[39m,
  endpoint: [32m'/instance/create'[39m,
  status: [33m200[39m,
  hasId: [33mfalse[39m,
  hasName: [33mtrue[39m,
  fields: [ [32m'name'[39m, [32m'token'[39m, [32m'qrcode'[39m ],
  responseBody: [32m'{"name":"kanban-instance-tenant01","token":"instance-token-xyz","qrcode":"data:image/png;base64,test"}'[39m
}
[EvoGo] DIV-5 fallback: No id in create response, looking up by name... { name: [32m'kanban-instance-tenant01'[39m }
[Evo GO] listEvoGoInstances() called

[90mstdout[2m | tests/unit/evo-go-client.test.ts[2m > [22m[2mcallEvoGoCreateInstance ÔÇö DIV-5 fallback[2m > [22m[2mDIV-5: should fallback to lookup by name if id missing in response
[22m[39m[Evo GO] List instances response status: 200

[90mstdout[2m | tests/unit/evo-go-client.test.ts[2m > [22m[2mcallEvoGoCreateInstance ÔÇö DIV-5 fallback[2m > [22m[2mDIV-5: should fallback to lookup by name if id missing in response
[22m[39m[Evo GO] Found 1 instances

[90mstdout[2m | tests/unit/evo-go-client.test.ts[2m > [22m[2mcallEvoGoCreateInstance ÔÇö DIV-5 fallback[2m > [22m[2mDIV-5: should fallback to lookup by name if id missing in response
[22m[39m[Evo GO] Instance created successfully for tenant tenant-01 { instance_id: [32m'instance-456'[39m, timestamp: [32m'2026-04-22T22:13:13.750Z'[39m }

[90mstdout[2m | tests/unit/evo-go-client.test.ts[2m > [22m[2mcallEvoGoCreateInstance ÔÇö DIV-5 fallback[2m > [22m[2mDIV-5: should throw error if id still missing after lookup
[22m[39m[Evo GO] callEvoGoCreateInstance() called
[Evo GO] NODE_ENV: test
[Evo GO] API Key first 20 chars: test-api-key
[Evo GO] Is test key? [33mfalse[39m
[Evo GO] Attempt 1/3
[Evo GO] Calling: https://evogo.renatop.com.br/instance/create
[Evo GO] Using API Key: test-api-k...
[Evo GO] Request body: {
  "name": "kanban-instance-tenant-0",
  "token": "d446e5a7-07fa-40ef-a996-00b61f982dc6"
}

[90mstdout[2m | tests/unit/evo-go-client.test.ts[2m > [22m[2mcallEvoGoCreateInstance ÔÇö DIV-5 fallback[2m > [22m[2mDIV-5: should throw error if id still missing after lookup
[22m[39m[Evo GO] Response status: 200
[Evo GO] Response statusText: undefined

[90mstdout[2m | tests/unit/evo-go-client.test.ts[2m > [22m[2mcallEvoGoCreateInstance ÔÇö DIV-5 fallback[2m > [22m[2mDIV-5: should throw error if id still missing after lookup
[22m[39m[EvoGo] /instance/create raw response {
  timestamp: [32m'2026-04-22T22:13:13.767Z'[39m,
  endpoint: [32m'/instance/create'[39m,
  status: [33m200[39m,
  hasId: [33mfalse[39m,
  hasName: [33mtrue[39m,
  fields: [ [32m'name'[39m, [32m'token'[39m ],
  responseBody: [32m'{"name":"kanban-instance-tenant01","token":"instance-token-xyz"}'[39m
}
[EvoGo] DIV-5 fallback: No id in create response, looking up by name... { name: [32m'kanban-instance-tenant01'[39m }
[Evo GO] listEvoGoInstances() called

[90mstdout[2m | tests/unit/evo-go-client.test.ts[2m > [22m[2mcallEvoGoCreateInstance ÔÇö DIV-5 fallback[2m > [22m[2mDIV-5: should throw error if id still missing after lookup
[22m[39m[Evo GO] List instances response status: 200

[90mstdout[2m | tests/unit/evo-go-client.test.ts[2m > [22m[2mcallEvoGoCreateInstance ÔÇö DIV-5 fallback[2m > [22m[2mDIV-5: should throw error if id still missing after lookup
[22m[39m[Evo GO] Found 0 instances

[90mstdout[2m | tests/unit/evo-go-client.test.ts[2m > [22m[2mcallEvoGoDisconnect ÔÇö DIV-8 soft disconnect[2m > [22m[2mDIV-8: should call POST /instance/disconnect (soft disconnect)
[22m[39m[Evo GO] callEvoGoDisconnect() called (soft disconnect) {
  instanceToken: [32m'instance-t...'[39m,
  timestamp: [32m'2026-04-22T22:13:13.783Z'[39m
}

[90mstdout[2m | tests/unit/evo-go-client.test.ts[2m > [22m[2mcallEvoGoDisconnect ÔÇö DIV-8 soft disconnect[2m > [22m[2mDIV-8: should call POST /instance/disconnect (soft disconnect)
[22m[39m[Evo GO] Disconnect response status: 200
[Evo GO] Instance soft disconnected successfully (session preserved)

[90mstdout[2m | tests/unit/evo-go-client.test.ts[2m > [22m[2mcallEvoGoDisconnect ÔÇö DIV-8 soft disconnect[2m > [22m[2mshould throw error when token is missing
[22m[39m[Evo GO] callEvoGoDisconnect() called (soft disconnect) { instanceToken: [32m'...'[39m, timestamp: [32m'2026-04-22T22:13:13.787Z'[39m }

[90mstdout[2m | tests/unit/evo-go-client.test.ts[2m > [22m[2mcallEvoGoDisconnect ÔÇö DIV-8 soft disconnect[2m > [22m[2mshould throw error when response is not ok
[22m[39m[Evo GO] callEvoGoDisconnect() called (soft disconnect) {
  instanceToken: [32m'instance-t...'[39m,
  timestamp: [32m'2026-04-22T22:13:13.789Z'[39m
}

[90mstdout[2m | tests/unit/evo-go-client.test.ts[2m > [22m[2mcallEvoGoDisconnect ÔÇö DIV-8 soft disconnect[2m > [22m[2mshould throw error when response is not ok
[22m[39m[Evo GO] Disconnect response status: 400

[90mstdout[2m | tests/unit/evo-go-client.test.ts[2m > [22m[2mcallEvoGoDisconnect ÔÇö DIV-8 soft disconnect[2m > [22m[2mshould throw error when response is not ok
[22m[39m[Evo GO] Disconnect error: Bad Request

[90mstdout[2m | tests/unit/evo-go-client.test.ts[2m > [22m[2mcallEvoGoLogout ÔÇö DIV-8 destructive logout[2m > [22m[2mDIV-8: should call DELETE /instance/logout (destructive logout)
[22m[39m[Evo GO] callEvoGoLogout() called {
  instanceToken: [32m'instance-t...'[39m,
  timestamp: [32m'2026-04-22T22:13:13.796Z'[39m
}

[90mstdout[2m | tests/unit/evo-go-client.test.ts[2m > [22m[2mcallEvoGoLogout ÔÇö DIV-8 destructive logout[2m > [22m[2mDIV-8: should call DELETE /instance/logout (destructive logout)
[22m[39m[Evo GO] Logout response status: 200
[Evo GO] Instance logged out successfully (session removed, QR rescan required)

[90mstdout[2m | tests/unit/evo-go-client.test.ts[2m > [22m[2mcallEvoGoLogout ÔÇö DIV-8 destructive logout[2m > [22m[2mshould throw error when token is missing
[22m[39m[Evo GO] callEvoGoLogout() called { instanceToken: [32m'...'[39m, timestamp: [32m'2026-04-22T22:13:13.803Z'[39m }

[90mstdout[2m | tests/unit/evo-go-client.test.ts[2m > [22m[2mgetOrCreateInstance ÔÇö DIV-11 token fallback[2m > [22m[2mDIV-11: should lookup token via /instance/info if missing in list
[22m[39m[Evo GO] getOrCreateInstance() called {
  tenantId: [32m'tenant-02'[39m,
  instanceName: [32m'kanban-instance-tenant-0'[39m,
  timestamp: [32m'2026-04-22T22:13:13.807Z'[39m
}
[Evo GO] listEvoGoInstances() called

[90mstdout[2m | tests/unit/evo-go-client.test.ts[2m > [22m[2mgetOrCreateInstance ÔÇö DIV-11 token fallback[2m > [22m[2mDIV-11: should lookup token via /instance/info if missing in list
[22m[39m[Evo GO] List instances response status: 200

[90mstdout[2m | tests/unit/evo-go-client.test.ts[2m > [22m[2mgetOrCreateInstance ÔÇö DIV-11 token fallback[2m > [22m[2mDIV-11: should lookup token via /instance/info if missing in list
[22m[39m[Evo GO] Found 1 instances

[90mstdout[2m | tests/unit/evo-go-client.test.ts[2m > [22m[2mgetOrCreateInstance ÔÇö DIV-11 token fallback[2m > [22m[2mDIV-11: should lookup token via /instance/info if missing in list
[22m[39m[Evo GO] Checking for existing instance with name: kanban-instance-tenant-0
[EvoGo] /instance/all response received { instanceCount: [33m1[39m, firstInstanceHasToken: [33mfalse[39m }
[Evo GO] No existing instance found, creating new one
[Evo GO] callEvoGoCreateInstance() called
[Evo GO] NODE_ENV: test
[Evo GO] API Key first 20 chars: test-api-key
[Evo GO] Is test key? [33mfalse[39m
[Evo GO] Attempt 1/3
[Evo GO] Calling: https://evogo.renatop.com.br/instance/create
[Evo GO] Using API Key: test-api-k...
[Evo GO] Request body: {
  "name": "kanban-instance-tenant-0",
  "token": "05662d95-ca45-4a91-9e86-eafb7805d6b4"
}

[90mstdout[2m | tests/unit/evo-go-client.test.ts[2m > [22m[2mgetOrCreateInstance ÔÇö DIV-11 token fallback[2m > [22m[2mDIV-11: should lookup token via /instance/info if missing in list
[22m[39m[Evo GO] Response status: 200
[Evo GO] Response statusText: undefined

[90mstdout[2m | tests/unit/evo-go-client.test.ts[2m > [22m[2mgetOrCreateInstance ÔÇö DIV-11 token fallback[2m > [22m[2mDIV-11: should lookup token via /instance/info if missing in list
[22m[39m[EvoGo] /instance/create raw response {
  timestamp: [32m'2026-04-22T22:13:13.833Z'[39m,
  endpoint: [32m'/instance/create'[39m,
  status: [33m200[39m,
  hasId: [33mtrue[39m,
  hasName: [33mtrue[39m,
  fields: [ [32m'id'[39m, [32m'name'[39m, [32m'token'[39m, [32m'connected'[39m ],
  responseBody: [32m'{"id":"instance-789","name":"kanban-instance-tenant02","token":"instance-token-from-info","connected":false}'[39m
}
[Evo GO] Instance created successfully for tenant tenant-02 { instance_id: [32m'instance-789'[39m, timestamp: [32m'2026-04-22T22:13:13.834Z'[39m }

 [32mÔ£ô[39m [30m[46m 1 [49m[39m tests/unit/evo-go-client.test.ts[2m > [22mcallEvoGoCreateInstance ÔÇö DIV-5 fallback[2m > [22mDIV-5: should fallback to lookup by name if id missing in response[32m 76[2mms[22m[39m
 [32mÔ£ô[39m [30m[46m 1 [49m[39m tests/unit/evo-go-client.test.ts[2m > [22mcallEvoGoCreateInstance ÔÇö DIV-5 fallback[2m > [22mDIV-5: should throw error if id still missing after lookup[32m 26[2mms[22m[39m
 [32mÔ£ô[39m [30m[46m 1 [49m[39m tests/unit/evo-go-client.test.ts[2m > [22mcallEvoGoDisconnect ÔÇö DIV-8 soft disconnect[2m > [22mDIV-8: should call POST /instance/disconnect (soft disconnect)[32m 6[2mms[22m[39m
 [32mÔ£ô[39m [30m[46m 1 [49m[39m tests/unit/evo-go-client.test.ts[2m > [22mcallEvoGoDisconnect ÔÇö DIV-8 soft disconnect[2m > [22mshould throw error when token is missing[32m 2[2mms[22m[39m
 [32mÔ£ô[39m [30m[46m 1 [49m[39m tests/unit/evo-go-client.test.ts[2m > [22mcallEvoGoDisconnect ÔÇö DIV-8 soft disconnect[2m > [22mshould throw error when response is not ok[32m 5[2mms[22m[39m
 [32mÔ£ô[39m [30m[46m 1 [49m[39m tests/unit/evo-go-client.test.ts[2m > [22mcallEvoGoLogout ÔÇö DIV-8 destructive logout[2m > [22mDIV-8: should call DELETE /instance/logout (destructive logout)[32m 8[2mms[22m[39m
 [32mÔ£ô[39m [30m[46m 1 [49m[39m tests/unit/evo-go-client.test.ts[2m > [22mcallEvoGoLogout ÔÇö DIV-8 destructive logout[2m > [22mshould throw error when token is missing[32m 3[2mms[22m[39m
[90mstdout[2m | tests/unit/evo-go-client.test.ts[2m > [22m[2mgetOrCreateInstance ÔÇö DIV-11 token fallback[2m > [22m[2mshould use token from list if present
[22m[39m[Evo GO] getOrCreateInstance() called {
  tenantId: [32m'tenant-0123'[39m,
  instanceName: [32m'kanban-instance-tenant-0'[39m,
  timestamp: [32m'2026-04-22T22:13:13.837Z'[39m
}
[Evo GO] listEvoGoInstances() called

[90mstdout[2m | tests/unit/evo-go-client.test.ts[2m > [22m[2mgetOrCreateInstance ÔÇö DIV-11 token fallback[2m > [22m[2mshould use token from list if present
[22m[39m[Evo GO] List instances response status: 200

[90mstdout[2m | tests/unit/evo-go-client.test.ts[2m > [22m[2mgetOrCreateInstance ÔÇö DIV-11 token fallback[2m > [22m[2mshould use token from list if present
[22m[39m[Evo GO] Found 1 instances

[90mstdout[2m | tests/unit/evo-go-client.test.ts[2m > [22m[2mgetOrCreateInstance ÔÇö DIV-11 token fallback[2m > [22m[2mshould use token from list if present
[22m[39m[Evo GO] Checking for existing instance with name: kanban-instance-tenant-0
[EvoGo] /instance/all response received { instanceCount: [33m1[39m, firstInstanceHasToken: [33mtrue[39m }
[Evo GO] Found existing instance, reusing it {
  instance_id: [32m'instance-890'[39m,
  token: [32m'instance-token-from-list'[39m,
  timestamp: [32m'2026-04-22T22:13:13.841Z'[39m
}

[90mstdout[2m | tests/unit/evo-go-client.test.ts[2m > [22m[2mgetEvoGoInstanceInfo ÔÇö DIV-11 helper[2m > [22m[2mshould fetch instance info from /instance/info/{id}
[22m[39m[EvoGo] getEvoGoInstanceInfo() called { instanceId: [32m'instance-999'[39m }

[90mstdout[2m | tests/unit/evo-go-client.test.ts[2m > [22m[2mgetEvoGoInstanceInfo ÔÇö DIV-11 helper[2m > [22m[2mshould fetch instance info from /instance/info/{id}
[22m[39m[EvoGo] /instance/info response {
  timestamp: [32m'2026-04-22T22:13:13.851Z'[39m,
  instanceId: [32m'instance-999'[39m,
  hasToken: [33mtrue[39m,
  fields: [ [32m'id'[39m, [32m'name'[39m, [32m'token'[39m, [32m'connected'[39m ]
}

[90mstdout[2m | tests/unit/evo-go-client.test.ts[2m > [22m[2mgetEvoGoInstanceInfo ÔÇö DIV-11 helper[2m > [22m[2mshould throw error when response is not ok
[22m[39m[EvoGo] getEvoGoInstanceInfo() called { instanceId: [32m'nonexistent-id'[39m }

 [32mÔ£ô[39m [30m[46m 1 [49m[39m tests/unit/evo-go-client.test.ts[2m > [22mgetOrCreateInstance ÔÇö DIV-11 token fallback[2m > [22mDIV-11: should lookup token via /instance/info if missing in list[32m 30[2mms[22m[39m
 [32mÔ£ô[39m [30m[46m 1 [49m[39m tests/unit/evo-go-client.test.ts[2m > [22mgetOrCreateInstance ÔÇö DIV-11 token fallback[2m > [22mshould use token from list if present[32m 10[2mms[22m[39m
 [32mÔ£ô[39m [30m[46m 1 [49m[39m tests/unit/evo-go-client.test.ts[2m > [22mgetEvoGoInstanceInfo ÔÇö DIV-11 helper[2m > [22mshould fetch instance info from /instance/info/{id}[32m 7[2mms[22m[39m
 [32mÔ£ô[39m [30m[46m 1 [49m[39m tests/unit/evo-go-client.test.ts[2m > [22mgetEvoGoInstanceInfo ÔÇö DIV-11 helper[2m > [22mshould throw error when response is not ok[32m 2[2mms[22m[39m
[90mstdout[2m | tests/register-kanban.test.ts[2m > [22m[2mRegister Integration - Kanban Auto-Creation[2m > [22m[2mcreateDefaultKanban() function[2m > [22m[2mshould create kanban 'Main' with is_main=true and order_position=1
[22m[39mDefault kanban created successfully: kanban_id=ec997aa7-4bc9-4712-a24a-31ddb77b6464, tenant_id=a205855b-fb64-4b90-84c3-ff21784ae0af

 [32mÔ£ô[39m [30m[43m 0 [49m[39m src/components/ui/organisms/KanbanBoard.test.tsx[2m > [22mKanbanBoard[2m > [22mrendering[2m > [22mshould render children[33m 509[2mms[22m[39m
 [32mÔ£ô[39m [30m[43m 0 [49m[39m src/components/ui/organisms/KanbanBoard.test.tsx[2m > [22mKanbanBoard[2m > [22mrendering[2m > [22mshould apply custom className[32m 23[2mms[22m[39m
 [32mÔ£ô[39m [30m[43m 0 [49m[39m src/components/ui/organisms/KanbanBoard.test.tsx[2m > [22mKanbanBoard[2m > [22mrendering[2m > [22mshould render as a div[32m 22[2mms[22m[39m
 [32mÔ£ô[39m [30m[43m 0 [49m[39m src/components/ui/organisms/KanbanBoard.test.tsx[2m > [22mKanbanBoard[2m > [22maccessibility[2m > [22mshould have no a11y violations[33m 1381[2mms[22m[39m
 [32mÔ£ô[39m [30m[46m 1 [49m[39m tests/register-kanban.test.ts[2m > [22mRegister Integration - Kanban Auto-Creation[2m > [22mcreateDefaultKanban() function[2m > [22mshould create kanban 'Main' with is_main=true and order_position=1[33m 3304[2mms[22m[39m
[90mstdout[2m | tests/register-kanban.test.ts[2m > [22m[2mRegister Integration - Kanban Auto-Creation[2m > [22m[2mcreateDefaultKanban() function[2m > [22m[2mshould create exactly 4 columns with correct names and order
[22m[39mDefault kanban created successfully: kanban_id=4c0a5055-356c-4414-ae91-1e9cd155012b, tenant_id=2afcc04b-1fe3-4082-82d0-e865741688b7

 [32mÔ£ô[39m [30m[46m 1 [49m[39m tests/register-kanban.test.ts[2m > [22mRegister Integration - Kanban Auto-Creation[2m > [22mcreateDefaultKanban() function[2m > [22mshould create exactly 4 columns with correct names and order[33m 822[2mms[22m[39m
 [32mÔ£ô[39m [30m[46m 1 [49m[39m tests/api/settings/evo-go-qr.integration.test.ts[2m > [22mPOST /api/settings/evo-go/qr - Integration Tests[2m > [22mSuccessful QR Code Generation[2m > [22mshould generate QR code and update tenant with instance_id[32m 90[2mms[22m[39m
 [32mÔ£ô[39m [30m[46m 1 [49m[39m tests/api/settings/evo-go-qr.integration.test.ts[2m > [22mPOST /api/settings/evo-go/qr - Integration Tests[2m > [22mSuccessful QR Code Generation[2m > [22mshould set connection_status to connecting initially[32m 2[2mms[22m[39m
 [32mÔ£ô[39m [30m[46m 1 [49m[39m tests/api/settings/evo-go-qr.integration.test.ts[2m > [22mPOST /api/settings/evo-go/qr - Integration Tests[2m > [22mSuccessful QR Code Generation[2m > [22mshould return expires_at timestamp[32m 1[2mms[22m[39m
 [32mÔ£ô[39m [30m[46m 1 [49m[39m tests/api/settings/evo-go-qr.integration.test.ts[2m > [22mPOST /api/settings/evo-go/qr - Integration Tests[2m > [22mError Scenarios - Evo GO API[2m > [22mshould return 401 when Evo GO API key is invalid[32m 2[2mms[22m[39m
 [32mÔ£ô[39m [30m[46m 1 [49m[39m tests/api/settings/evo-go-qr.integration.test.ts[2m > [22mPOST /api/settings/evo-go/qr - Integration Tests[2m > [22mError Scenarios - Evo GO API[2m > [22mshould handle 429 rate limiting with retry[32m 4[2mms[22m[39m
 [32mÔ£ô[39m [30m[46m 1 [49m[39m tests/api/settings/evo-go-qr.integration.test.ts[2m > [22mPOST /api/settings/evo-go/qr - Integration Tests[2m > [22mError Scenarios - Evo GO API[2m > [22mshould timeout after 5 seconds[32m 1[2mms[22m[39m
 [32mÔ£ô[39m [30m[46m 1 [49m[39m tests/api/settings/evo-go-qr.integration.test.ts[2m > [22mPOST /api/settings/evo-go/qr - Integration Tests[2m > [22mError Scenarios - Evo GO API[2m > [22mshould handle malformed JSON response[32m 1[2mms[22m[39m
 [32mÔ£ô[39m [30m[46m 1 [49m[39m tests/api/settings/evo-go-qr.integration.test.ts[2m > [22mPOST /api/settings/evo-go/qr - Integration Tests[2m > [22mError Scenarios - Evo GO API[2m > [22mshould handle Evo GO server error (500)[32m 1[2mms[22m[39m
 [32mÔ£ô[39m [30m[46m 1 [49m[39m tests/api/settings/evo-go-qr.integration.test.ts[2m > [22mPOST /api/settings/evo-go/qr - Integration Tests[2m > [22mError Scenarios - Authentication[2m > [22mshould return 401 when JWT is missing[32m 2[2mms[22m[39m
 [32mÔ£ô[39m [30m[46m 1 [49m[39m tests/api/settings/evo-go-qr.integration.test.ts[2m > [22mPOST /api/settings/evo-go/qr - Integration Tests[2m > [22mError Scenarios - Authentication[2m > [22mshould return 401 when JWT is invalid[32m 1[2mms[22m[39m
 [32mÔ£ô[39m [30m[46m 1 [49m[39m tests/api/settings/evo-go-qr.integration.test.ts[2m > [22mPOST /api/settings/evo-go/qr - Integration Tests[2m > [22mError Scenarios - Authentication[2m > [22mshould return 403 when tenant context is missing[32m 2[2mms[22m[39m
 [32mÔ£ô[39m [30m[46m 1 [49m[39m tests/api/settings/evo-go-qr.integration.test.ts[2m > [22mPOST /api/settings/evo-go/qr - Integration Tests[2m > [22mError Scenarios - Database[2m > [22mshould return 409 when instance already exists[32m 1[2mms[22m[39m
 [32mÔ£ô[39m [30m[46m 1 [49m[39m tests/api/settings/evo-go-qr.integration.test.ts[2m > [22mPOST /api/settings/evo-go/qr - Integration Tests[2m > [22mError Scenarios - Database[2m > [22mshould return 404 when tenant not found[32m 1[2mms[22m[39m
 [32mÔ£ô[39m [30m[46m 1 [49m[39m tests/api/settings/evo-go-qr.integration.test.ts[2m > [22mPOST /api/settings/evo-go/qr - Integration Tests[2m > [22mError Scenarios - Database[2m > [22mshould handle database update failure[32m 1[2mms[22m[39m
 [32mÔ£ô[39m [30m[46m 1 [49m[39m tests/api/settings/evo-go-qr.integration.test.ts[2m > [22mPOST /api/settings/evo-go/qr - Integration Tests[2m > [22mRequest/Response Contract[2m > [22mshould require POST method[32m 2[2mms[22m[39m
 [32mÔ£ô[39m [30m[46m 1 [49m[39m tests/api/settings/evo-go-qr.integration.test.ts[2m > [22mPOST /api/settings/evo-go/qr - Integration Tests[2m > [22mRequest/Response Contract[2m > [22mshould return JSON response with required fields[32m 2[2mms[22m[39m
 [32mÔ£ô[39m [30m[46m 1 [49m[39m tests/api/settings/evo-go-qr.integration.test.ts[2m > [22mPOST /api/settings/evo-go/qr - Integration Tests[2m > [22mRequest/Response Contract[2m > [22mshould include proper HTTP status codes[32m 1[2mms[22m[39m
 [32mÔ£ô[39m [30m[46m 1 [49m[39m tests/api/settings/evo-go-qr.integration.test.ts[2m > [22mPOST /api/settings/evo-go/qr - Integration Tests[2m > [22mLogging & Observability[2m > [22mshould log successful pairing[32m 3[2mms[22m[39m
 [32mÔ£ô[39m [30m[46m 1 [49m[39m tests/api/settings/evo-go-qr.integration.test.ts[2m > [22mPOST /api/settings/evo-go/qr - Integration Tests[2m > [22mLogging & Observability[2m > [22mshould log errors with context[32m 2[2mms[22m[39m
[90mstdout[2m | tests/register-kanban.test.ts[2m > [22m[2mRegister Integration - Kanban Auto-Creation[2m > [22m[2mcreateDefaultKanban() function[2m > [22m[2mshould enforce unique constraint: only 1 is_main=true per tenant
[22m[39mDefault kanban created successfully: kanban_id=cb2754ab-dc19-4f61-a3b9-7e3ac733ebd9, tenant_id=1d30f2c5-59c0-476c-9fd2-6fd6bb816570

 [32mÔ£ô[39m [30m[46m 1 [49m[39m tests/register-kanban.test.ts[2m > [22mRegister Integration - Kanban Auto-Creation[2m > [22mcreateDefaultKanban() function[2m > [22mshould enforce unique constraint: only 1 is_main=true per tenant[33m 746[2mms[22m[39m
 [32mÔ£ô[39m [30m[46m 1 [49m[39m tests/api/webhooks/evo-go.test.ts[2m > [22mEvo GO Webhook Handler[2m > [22mHMAC Signature Validation[2m > [22mshould accept valid HMAC-SHA256 signature[32m 14[2mms[22m[39m
 [32mÔ£ô[39m [30m[46m 1 [49m[39m tests/api/webhooks/evo-go.test.ts[2m > [22mEvo GO Webhook Handler[2m > [22mHMAC Signature Validation[2m > [22mshould reject invalid HMAC signature[32m 7[2mms[22m[39m
 [32mÔ£ô[39m [30m[46m 1 [49m[39m tests/api/webhooks/evo-go.test.ts[2m > [22mEvo GO Webhook Handler[2m > [22mHMAC Signature Validation[2m > [22mshould handle missing X-Signature header[32m 1[2mms[22m[39m
 [32mÔ£ô[39m [30m[46m 1 [49m[39m tests/api/webhooks/evo-go.test.ts[2m > [22mEvo GO Webhook Handler[2m > [22mHMAC Signature Validation[2m > [22mshould handle malformed X-Signature header[32m 1[2mms[22m[39m
 [32mÔ£ô[39m [30m[46m 1 [49m[39m tests/api/webhooks/evo-go.test.ts[2m > [22mEvo GO Webhook Handler[2m > [22mHMAC Signature Validation[2m > [22mshould use constant-time comparison[32m 4[2mms[22m[39m
 [32mÔ£ô[39m [30m[46m 1 [49m[39m tests/api/webhooks/evo-go.test.ts[2m > [22mEvo GO Webhook Handler[2m > [22mWebhook Payload Handling[2m > [22mshould accept CONNECTION_UPDATE event[32m 1[2mms[22m[39m
 [32mÔ£ô[39m [30m[46m 1 [49m[39m tests/api/webhooks/evo-go.test.ts[2m > [22mEvo GO Webhook Handler[2m > [22mWebhook Payload Handling[2m > [22mshould accept QRCODE_UPDATED event[32m 1[2mms[22m[39m
 [32mÔ£ô[39m [30m[46m 1 [49m[39m tests/api/webhooks/evo-go.test.ts[2m > [22mEvo GO Webhook Handler[2m > [22mWebhook Payload Handling[2m > [22mshould accept MESSAGES_UPSERT event[32m 1[2mms[22m[39m
 [32mÔ£ô[39m [30m[46m 1 [49m[39m tests/api/webhooks/evo-go.test.ts[2m > [22mEvo GO Webhook Handler[2m > [22mWebhook Payload Handling[2m > [22mshould handle unknown events gracefully[32m 2[2mms[22m[39m
 [32mÔ£ô[39m [30m[46m 1 [49m[39m tests/api/webhooks/evo-go.test.ts[2m > [22mEvo GO Webhook Handler[2m > [22mWebhook Payload Handling[2m > [22mshould handle malformed JSON body[32m 4[2mms[22m[39m
 [32mÔ£ô[39m [30m[46m 1 [49m[39m tests/api/webhooks/evo-go.test.ts[2m > [22mEvo GO Webhook Handler[2m > [22mWebhook Payload Handling[2m > [22mshould handle empty events array[32m 3[2mms[22m[39m
 [32mÔ£ô[39m [30m[46m 1 [49m[39m tests/api/webhooks/evo-go.test.ts[2m > [22mEvo GO Webhook Handler[2m > [22mQuery Parameter Extraction[2m > [22mshould require tenantId query parameter[32m 1[2mms[22m[39m
 [32mÔ£ô[39m [30m[46m 1 [49m[39m tests/api/webhooks/evo-go.test.ts[2m > [22mEvo GO Webhook Handler[2m > [22mQuery Parameter Extraction[2m > [22mshould extract tenantId from query parameter[32m 1[2mms[22m[39m
 [32mÔ£ô[39m [30m[46m 1 [49m[39m tests/api/webhooks/evo-go.test.ts[2m > [22mEvo GO Webhook Handler[2m > [22mQuery Parameter Extraction[2m > [22mshould handle URL-encoded tenantId[32m 2[2mms[22m[39m
 [32mÔ£ô[39m [30m[46m 1 [49m[39m tests/api/webhooks/evo-go.test.ts[2m > [22mEvo GO Webhook Handler[2m > [22mHTTP Response Codes[2m > [22mshould return 200 OK on successful processing[32m 1[2mms[22m[39m
 [32mÔ£ô[39m [30m[46m 1 [49m[39m tests/api/webhooks/evo-go.test.ts[2m > [22mEvo GO Webhook Handler[2m > [22mHTTP Response Codes[2m > [22mshould return 200 OK for unknown events[32m 0[2mms[22m[39m
 [32mÔ£ô[39m [30m[46m 1 [49m[39m tests/api/webhooks/evo-go.test.ts[2m > [22mEvo GO Webhook Handler[2m > [22mHTTP Response Codes[2m > [22mshould return 401 for invalid signature[32m 0[2mms[22m[39m
 [32mÔ£ô[39m [30m[46m 1 [49m[39m tests/api/webhooks/evo-go.test.ts[2m > [22mEvo GO Webhook Handler[2m > [22mHTTP Response Codes[2m > [22mshould return 400 for missing tenantId[32m 0[2mms[22m[39m
 [32mÔ£ô[39m [30m[46m 1 [49m[39m tests/api/webhooks/evo-go.test.ts[2m > [22mEvo GO Webhook Handler[2m > [22mHTTP Response Codes[2m > [22mshould return 200 even on processing errors[32m 0[2mms[22m[39m
 [32mÔ£ô[39m [30m[46m 1 [49m[39m tests/api/webhooks/evo-go.test.ts[2m > [22mEvo GO Webhook Handler[2m > [22mSecurity[2m > [22mshould never expose webhook secret in logs or errors[32m 0[2mms[22m[39m
 [32mÔ£ô[39m [30m[46m 1 [49m[39m tests/api/webhooks/evo-go.test.ts[2m > [22mEvo GO Webhook Handler[2m > [22mSecurity[2m > [22mshould validate signature before parsing JSON[32m 0[2mms[22m[39m
 [32mÔ£ô[39m [30m[46m 1 [49m[39m tests/api/webhooks/evo-go.test.ts[2m > [22mEvo GO Webhook Handler[2m > [22mSecurity[2m > [22mshould use timing-safe comparison for signatures[32m 1[2mms[22m[39m
 [32mÔ£ô[39m [30m[46m 1 [49m[39m tests/api/webhooks/evo-go.test.ts[2m > [22mEvo GO Webhook Handler[2m > [22mLogging[2m > [22mshould log CONNECTION_UPDATE events with event type and tenantId[32m 3[2mms[22m[39m
 [32mÔ£ô[39m [30m[46m 1 [49m[39m tests/api/webhooks/evo-go.test.ts[2m > [22mEvo GO Webhook Handler[2m > [22mLogging[2m > [22mshould log invalid signature attempts[32m 10[2mms[22m[39m
 [32mÔ£ô[39m [30m[46m 1 [49m[39m tests/api/webhooks/evo-go.test.ts[2m > [22mEvo GO Webhook Handler[2m > [22mLogging[2m > [22mshould not expose webhook secret in any logs[32m 1[2mms[22m[39m
[90mstdout[2m | tests/register-kanban.test.ts[2m > [22m[2mRegister Integration - Kanban Auto-Creation[2m > [22m[2mFull registration flow simulation[2m > [22m[2mshould support complete onboarding: tenant -> user -> kanban
[22m[39mDefault kanban created successfully: kanban_id=6237d695-1ddd-4701-91e4-32911dd87aa0, tenant_id=de027799-9972-4942-9588-0d5a3409826f

 [32mÔ£ô[39m [30m[46m 1 [49m[39m tests/lib/api/evo-go-signature.test.ts[2m > [22mvalidateEvoGoSignature[2m > [22mshould return true for valid HMAC-SHA256 signature[32m 11[2mms[22m[39m
 [32mÔ£ô[39m [30m[46m 1 [49m[39m tests/lib/api/evo-go-signature.test.ts[2m > [22mvalidateEvoGoSignature[2m > [22mshould return false for invalid signature with different secret[32m 2[2mms[22m[39m
 [32mÔ£ô[39m [30m[46m 1 [49m[39m tests/lib/api/evo-go-signature.test.ts[2m > [22mvalidateEvoGoSignature[2m > [22mshould return false for tampered body content[32m 2[2mms[22m[39m
 [32mÔ£ô[39m [30m[46m 1 [49m[39m tests/lib/api/evo-go-signature.test.ts[2m > [22mvalidateEvoGoSignature[2m > [22mshould return false for completely wrong signature[32m 1[2mms[22m[39m
 [32mÔ£ô[39m [30m[46m 1 [49m[39m tests/lib/api/evo-go-signature.test.ts[2m > [22mvalidateEvoGoSignature[2m > [22mshould handle empty body correctly[32m 1[2mms[22m[39m
 [32mÔ£ô[39m [30m[46m 1 [49m[39m tests/lib/api/evo-go-signature.test.ts[2m > [22mvalidateEvoGoSignature[2m > [22mshould handle special characters in body[32m 1[2mms[22m[39m
 [32mÔ£ô[39m [30m[46m 1 [49m[39m tests/lib/api/evo-go-signature.test.ts[2m > [22mvalidateEvoGoSignature[2m > [22mshould handle unicode characters in body[32m 4[2mms[22m[39m
 [32mÔ£ô[39m [30m[46m 1 [49m[39m tests/lib/api/evo-go-signature.test.ts[2m > [22mvalidateEvoGoSignature[2m > [22mshould prevent timing attacks - constant time comparison[32m 2[2mms[22m[39m
 [32mÔ£ô[39m [30m[46m 1 [49m[39m tests/lib/api/evo-go-signature.test.ts[2m > [22mvalidateEvoGoSignature[2m > [22mshould handle null/undefined gracefully[32m 5[2mms[22m[39m
 [32mÔ£ô[39m [30m[46m 1 [49m[39m tests/lib/api/evo-go-signature.test.ts[2m > [22mparseSignatureHeader[2m > [22mshould parse valid signature header[32m 1[2mms[22m[39m
 [32mÔ£ô[39m [30m[46m 1 [49m[39m tests/lib/api/evo-go-signature.test.ts[2m > [22mparseSignatureHeader[2m > [22mshould return null for invalid signature format[32m 2[2mms[22m[39m
 [32mÔ£ô[39m [30m[46m 1 [49m[39m tests/lib/api/evo-go-signature.test.ts[2m > [22mparseSignatureHeader[2m > [22mshould return null for null/undefined header[32m 1[2mms[22m[39m
 [32mÔ£ô[39m [30m[46m 1 [49m[39m tests/lib/api/evo-go-signature.test.ts[2m > [22mparseSignatureHeader[2m > [22mshould trim whitespace from valid signature[32m 1[2mms[22m[39m
 [32mÔ£ô[39m [30m[46m 1 [49m[39m tests/register-kanban.test.ts[2m > [22mRegister Integration - Kanban Auto-Creation[2m > [22mFull registration flow simulation[2m > [22mshould support complete onboarding: tenant -> user -> kanban[33m 1193[2mms[22m[39m
[90mstdout[2m | tests/unit/api/webhooks/handle-messages-upsert.test.ts[2m > [22m[2mhandleMessagesUpsert logic in POST[2m > [22m[2mshould persist an incoming message
[22m[39m[WebhookEvoGo] Processing event {
  event: [32m'MESSAGES.UPSERT'[39m,
  instance: [32m'inst-123'[39m,
  timestamp: [32m'2026-04-22T22:13:20.881Z'[39m,
  hasData: [33mtrue[39m
}
[Webhook] MESSAGES_UPSERT payload structure {
  tenantId: [32m'tenant-123'[39m,
  dataKeys: [ [32m'key'[39m, [32m'message'[39m ],
  pushName: [32m''[39m,
  contactExtracted: [33mtrue[39m,
  messageIdExtracted: [33mtrue[39m
}

[90mstdout[2m | tests/unit/api/webhooks/handle-messages-upsert.test.ts[2m > [22m[2mhandleMessagesUpsert logic in POST[2m > [22m[2mshould persist an incoming message
[22m[39m[Webhook] MESSAGES_UPSERT processed successfully (Contact + Conversation + Message) {
  tenantId: [32m'tenant-123'[39m,
  contactId: [32m'contact-123'[39m,
  conversationId: [32m'conv-123'[39m,
  waPhone: [32m'+5511999999999'[39m,
  fromMe: [33mfalse[39m,
  timestamp: [32m'2026-04-22T22:13:20.895Z'[39m
}

[90mstdout[2m | tests/unit/api/webhooks/handle-messages-upsert.test.ts[2m > [22m[2mhandleMessagesUpsert logic in POST[2m > [22m[2mshould not persist an outgoing message (fromMe=true)
[22m[39m[WebhookEvoGo] Processing event {
  event: [32m'MESSAGES.UPSERT'[39m,
  instance: [32m'inst-123'[39m,
  timestamp: [32m'2026-04-22T22:13:20.917Z'[39m,
  hasData: [33mtrue[39m
}
[Webhook] MESSAGES_UPSERT payload structure {
  tenantId: [32m'tenant-123'[39m,
  dataKeys: [ [32m'key'[39m, [32m'message'[39m ],
  pushName: [32m''[39m,
  contactExtracted: [33mtrue[39m,
  messageIdExtracted: [33mtrue[39m
}

[90mstdout[2m | tests/unit/api/webhooks/handle-messages-upsert.test.ts[2m > [22m[2mhandleMessagesUpsert logic in POST[2m > [22m[2mshould not persist an outgoing message (fromMe=true)
[22m[39m[Webhook] MESSAGES_UPSERT processed successfully (Contact + Conversation + Message) {
  tenantId: [32m'tenant-123'[39m,
  contactId: [32m'contact-123'[39m,
  conversationId: [32m'conv-123'[39m,
  waPhone: [32m'+5511999999999'[39m,
  fromMe: [33mtrue[39m,
  timestamp: [32m'2026-04-22T22:13:20.924Z'[39m
}

[90mstdout[2m | tests/unit/api/webhooks/handle-messages-upsert.test.ts[2m > [22m[2mhandleMessagesUpsert logic in POST[2m > [22m[2mshould handle idempotency (duplicate messageId)
[22m[39m[WebhookEvoGo] Processing event {
  event: [32m'MESSAGES.UPSERT'[39m,
  instance: [32m'inst-123'[39m,
  timestamp: [32m'2026-04-22T22:13:20.932Z'[39m,
  hasData: [33mtrue[39m
}
[Webhook] MESSAGES_UPSERT payload structure {
  tenantId: [32m'tenant-123'[39m,
  dataKeys: [ [32m'key'[39m, [32m'message'[39m ],
  pushName: [32m''[39m,
  contactExtracted: [33mtrue[39m,
  messageIdExtracted: [33mtrue[39m
}

[90mstdout[2m | tests/unit/api/webhooks/handle-messages-upsert.test.ts[2m > [22m[2mhandleMessagesUpsert logic in POST[2m > [22m[2mshould handle idempotency (duplicate messageId)
[22m[39m[Webhook] MESSAGES_UPSERT processed successfully (Contact + Conversation + Message) {
  tenantId: [32m'tenant-123'[39m,
  contactId: [32m'contact-123'[39m,
  conversationId: [32m'conv-123'[39m,
  waPhone: [32m'+5511999999999'[39m,
  fromMe: [33mfalse[39m,
  timestamp: [32m'2026-04-22T22:13:20.936Z'[39m
}

 [32mÔ£ô[39m [30m[46m 1 [49m[39m tests/unit/api/webhooks/handle-messages-upsert.test.ts[2m > [22mhandleMessagesUpsert logic in POST[2m > [22mshould persist an incoming message[32m 81[2mms[22m[39m
 [32mÔ£ô[39m [30m[46m 1 [49m[39m tests/unit/api/webhooks/handle-messages-upsert.test.ts[2m > [22mhandleMessagesUpsert logic in POST[2m > [22mshould not persist an outgoing message (fromMe=true)[32m 14[2mms[22m[39m
 [32mÔ£ô[39m [30m[46m 1 [49m[39m tests/unit/api/webhooks/handle-messages-upsert.test.ts[2m > [22mhandleMessagesUpsert logic in POST[2m > [22mshould handle idempotency (duplicate messageId)[32m 15[2mms[22m[39m
 [32mÔ£ô[39m [30m[46m 1 [49m[39m tests/unit/webhook-utils.test.ts[2m > [22mparseJid[2m > [22mparses regular JID[32m 18[2mms[22m[39m
 [32mÔ£ô[39m [30m[46m 1 [49m[39m tests/unit/webhook-utils.test.ts[2m > [22mparseJid[2m > [22mstrips multi-device suffix :1[32m 1[2mms[22m[39m
 [32mÔ£ô[39m [30m[46m 1 [49m[39m tests/unit/webhook-utils.test.ts[2m > [22mparseJid[2m > [22mstrips multi-device suffix :2[32m 9[2mms[22m[39m
 [32mÔ£ô[39m [30m[46m 1 [49m[39m tests/unit/webhook-utils.test.ts[2m > [22mparseJid[2m > [22mdetects group JID (@g.us)[32m 2[2mms[22m[39m
 [32mÔ£ô[39m [30m[46m 1 [49m[39m tests/unit/webhook-utils.test.ts[2m > [22mparseJid[2m > [22mreturns null for empty string[32m 2[2mms[22m[39m
 [32mÔ£ô[39m [30m[46m 1 [49m[39m tests/unit/webhook-utils.test.ts[2m > [22mparseJid[2m > [22mreturns null for null[32m 1[2mms[22m[39m
 [32mÔ£ô[39m [30m[46m 1 [49m[39m tests/unit/webhook-utils.test.ts[2m > [22mparseJid[2m > [22mreturns null for undefined[32m 1[2mms[22m[39m
 [32mÔ£ô[39m [30m[46m 1 [49m[39m tests/unit/webhook-utils.test.ts[2m > [22mnormalizePhone[2m > [22madds + prefix to bare number[32m 1[2mms[22m[39m
 [32mÔ£ô[39m [30m[46m 1 [49m[39m tests/unit/webhook-utils.test.ts[2m > [22mnormalizePhone[2m > [22mkeeps existing + prefix[32m 10[2mms[22m[39m
 [32mÔ£ô[39m [30m[46m 1 [49m[39m tests/unit/webhook-utils.test.ts[2m > [22mnormalizePhone[2m > [22mreturns null for empty string[32m 1[2mms[22m[39m
 [32mÔ£ô[39m [30m[46m 1 [49m[39m tests/unit/webhook-utils.test.ts[2m > [22mnormalizePhone[2m > [22mreturns null for null[32m 1[2mms[22m[39m
 [32mÔ£ô[39m [30m[46m 1 [49m[39m tests/unit/webhook-utils.test.ts[2m > [22mnormalizePhone[2m > [22mreturns null for undefined[32m 1[2mms[22m[39m
 [32mÔ£ô[39m [30m[46m 1 [49m[39m tests/unit/webhook-utils.test.ts[2m > [22mextractContactInfo[2m > [22mextracts contact from standard payload[32m 2[2mms[22m[39m
 [32mÔ£ô[39m [30m[46m 1 [49m[39m tests/unit/webhook-utils.test.ts[2m > [22mextractContactInfo[2m > [22mfalls back name to waPhone when pushName absent[32m 1[2mms[22m[39m
 [32mÔ£ô[39m [30m[46m 1 [49m[39m tests/unit/webhook-utils.test.ts[2m > [22mextractContactInfo[2m > [22mdetects group contact[32m 1[2mms[22m[39m
 [32mÔ£ô[39m [30m[46m 1 [49m[39m tests/unit/webhook-utils.test.ts[2m > [22mextractContactInfo[2m > [22mhandles multi-device suffix in JID[32m 1[2mms[22m[39m
 [32mÔ£ô[39m [30m[46m 1 [49m[39m tests/unit/webhook-utils.test.ts[2m > [22mextractContactInfo[2m > [22mreturns null for null data[32m 4[2mms[22m[39m
 [32mÔ£ô[39m [30m[46m 1 [49m[39m tests/unit/webhook-utils.test.ts[2m > [22mextractContactInfo[2m > [22mreturns null when remoteJid missing[32m 2[2mms[22m[39m
 [32mÔ£ô[39m [30m[46m 1 [49m[39m tests/unit/webhook-utils.test.ts[2m > [22mextractContactInfo ÔÇö Evolution GO format[2m > [22mextracts all fields from Evo GO payload[32m 1[2mms[22m[39m
 [32mÔ£ô[39m [30m[46m 1 [49m[39m tests/unit/webhook-utils.test.ts[2m > [22mextractContactInfo ÔÇö Evolution GO format[2m > [22mfalls back to waPhone when PushName absent[32m 1[2mms[22m[39m
 [32mÔ£ô[39m [30m[46m 1 [49m[39m tests/unit/webhook-utils.test.ts[2m > [22mextractContactInfo ÔÇö Evolution GO format[2m > [22mdetects group via IsGroup: true[32m 1[2mms[22m[39m
 [2m[90mÔåô[39m[22m [30m[46m 1 [49m[39m tests/rls-performance.test.ts[2m > [22mRLS Performance Baseline Tests[2m > [22mPerformance Measurements[2m > [22mshould measure RLS overhead on SELECT queries
 [2m[90mÔåô[39m[22m [30m[46m 1 [49m[39m tests/rls-performance.test.ts[2m > [22mRLS Performance Baseline Tests[2m > [22mPerformance Measurements[2m > [22mshould verify indexes are used
 [2m[90mÔåô[39m[22m [30m[46m 1 [49m[39m tests/rls-validation.test.ts[2m > [22mRLS Validation Test Suite[2m > [22mPhase 1: Cross-Tenant Data Access Prevention[2m > [22mTC-RLS-001: User A SELECT from Tenant B ÔåÆ 0 rows
 [2m[90mÔåô[39m[22m [30m[46m 1 [49m[39m tests/rls-validation.test.ts[2m > [22mRLS Validation Test Suite[2m > [22mPhase 1: Cross-Tenant Data Access Prevention[2m > [22mTC-RLS-002: User A UPDATE Tenant B row ÔåÆ 0 rows affected
 [2m[90mÔåô[39m[22m [30m[46m 1 [49m[39m tests/rls-validation.test.ts[2m > [22mRLS Validation Test Suite[2m > [22mPhase 1: Cross-Tenant Data Access Prevention[2m > [22mTC-RLS-003: User A DELETE Tenant B row ÔåÆ 0 rows affected
 [2m[90mÔåô[39m[22m [30m[46m 1 [49m[39m tests/rls-validation.test.ts[2m > [22mRLS Validation Test Suite[2m > [22mPhase 1: Cross-Tenant Data Access Prevention[2m > [22mTC-RLS-004: User A INSERT with Tenant B ID ÔåÆ fails (FK constraint)
 [2m[90mÔåô[39m[22m [30m[46m 1 [49m[39m tests/rls-validation.test.ts[2m > [22mRLS Validation Test Suite[2m > [22mPhase 1: Cross-Tenant Data Access Prevention[2m > [22mTC-RLS-005: Unauthenticated SELECT ÔåÆ 0 rows
 [2m[90mÔåô[39m[22m [30m[46m 1 [49m[39m tests/rls-validation.test.ts[2m > [22mRLS Validation Test Suite[2m > [22mSanity Check: Valid User Access[2m > [22mUser A CAN see Tenant A kanbans
 [2m[90mÔåô[39m[22m [30m[46m 1 [49m[39m tests/rls-validation.test.ts[2m > [22mRLS Validation Test Suite[2m > [22mSanity Check: Valid User Access[2m > [22mUser B CAN see Tenant B conversations
 [2m[90mÔåô[39m[22m [30m[46m 1 [49m[39m tests/rls-validation.test.ts[2m > [22mRLS Validation Test Suite[2m > [22mPhase 3: JWT & Concurrency Isolation[2m > [22mTC-RLS-006: Forged JWT ÔåÆ Supabase signature validation rejects
 [2m[90mÔåô[39m[22m [30m[46m 1 [49m[39m tests/rls-validation.test.ts[2m > [22mRLS Validation Test Suite[2m > [22mPhase 3: JWT & Concurrency Isolation[2m > [22mTC-RLS-007: Concurrent updates ÔåÆ User A still sees isolated data
 [2m[90mÔåô[39m[22m [30m[46m 1 [49m[39m tests/rls-validation.test.ts[2m > [22mRLS Validation Test Suite[2m > [22mPhase 4: Nested & Complex Query Isolation[2m > [22mTC-RLS-008: Nested SELECT (columns via kanban) ÔåÆ RLS enforced
 [2m[90mÔåô[39m[22m [30m[46m 1 [49m[39m tests/rls-validation.test.ts[2m > [22mRLS Validation Test Suite[2m > [22mPhase 4: Nested & Complex Query Isolation[2m > [22mTC-RLS-009: UPDATE with JOIN across tenants ÔåÆ blocked
 [2m[90mÔåô[39m[22m [30m[46m 1 [49m[39m tests/rls-validation.test.ts[2m > [22mRLS Validation Test Suite[2m > [22mPhase 4: Nested & Complex Query Isolation[2m > [22mTC-RLS-010: Cascade operations ÔåÆ RLS respected
 [90m┬À[39m [30m[46m 1 [49m[39m tests/rls-validation.test.ts[2m > [22mRLS Validation Test Suite[2m > [22mPhase 5: Performance Baseline (Optional - Use RLS_PERF_TEST env var)[2m > [22mTask 6.1: Run SELECT performance test on 10K-row table
 [90m┬À[39m [30m[46m 1 [49m[39m tests/rls-validation.test.ts[2m > [22mRLS Validation Test Suite[2m > [22mPhase 5: Performance Baseline (Optional - Use RLS_PERF_TEST env var)[2m > [22mTask 6.2: Calculate RLS overhead (<5% target)
 [90m┬À[39m [30m[46m 1 [49m[39m tests/rls-validation.test.ts[2m > [22mRLS Validation Test Suite[2m > [22mPhase 5: Performance Baseline (Optional - Use RLS_PERF_TEST env var)[2m > [22mTask 6.3: Verify EXPLAIN ANALYZE shows index usage
 [90m┬À[39m [30m[46m 1 [49m[39m tests/rls-validation.test.ts[2m > [22mRLS Validation Test Suite[2m > [22mPhase 5: Performance Baseline (Optional - Use RLS_PERF_TEST env var)[2m > [22mTask 6.4: Document baseline in report
node.exe : 
No linha:1 caractere:1
+ & "C:\Program Files\nodejs/node.exe" "C:\Users\User\AppData\Roaming\n ...
+ ~~~~~~~~~~~~~~~~~~~~~~~~~~~~~~~~~~~~~~~~~~~~~~~~~~~~~~~~~~~~~~~~~~~~~
    + CategoryInfo          : NotSpecified: (:String) [], RemoteException
    + FullyQualifiedErrorId : NativeCommandError
 
[31mÔÄ»ÔÄ»ÔÄ»ÔÄ»ÔÄ»ÔÄ»[39m[1m[41m Failed Suites 2 [49m[22m[31mÔÄ»ÔÄ»ÔÄ»ÔÄ»ÔÄ»ÔÄ»ÔÄ»[39m

[41m[1m FAIL [22m[49m [30m[43m 0 [49m[39m src/components/layout/Header.test.tsx[2m [ 
src/components/layout/Header.test.tsx ][22m
[31m[1mError[22m: Failed to resolve import "@/lib/auth-pages" from "src/components/layout/Header.tsx". Does the 
file exist?[39m
  Plugin: [35mvite:import-analysis[39m
  File: [36mC:/git/kanban.2/src/components/layout/Header.tsx[39m:7:27
[33m  4  |  import { ThemeToggle } from "@/components/ui/theme-toggle";
  5  |  import { UserMenu } from "@/components/layout/UserMenu";
  6  |  import { AUTH_PAGES } from "@/lib/auth-pages";
     |                              ^
  7  |  var _jsxFileName = "C:/git/kanban.2/src/components/layout/Header.tsx";
  8  |  import { jsxDEV as _jsxDEV } from "react/jsx-dev-runtime";[39m
[90m [2mÔØ»[22m TransformPluginContext._formatLog node_modules/vite/dist/node/chunks/node.js:[2m30354:39[22m[39m
[90m [2mÔØ»[22m TransformPluginContext.error node_modules/vite/dist/node/chunks/node.js:[2m30351:14[22m[39m
[90m [2mÔØ»[22m normalizeUrl node_modules/vite/dist/node/chunks/node.js:[2m27633:18[22m[39m
[90m [2mÔØ»[22m node_modules/vite/dist/node/chunks/node.js:[2m27696:30[22m[39m
[90m [2mÔØ»[22m TransformPluginContext.transform node_modules/vite/dist/node/chunks/node.js:[2m27664:4[22m[39m
[90m [2mÔØ»[22m EnvironmentPluginContainer.transform 
node_modules/vite/dist/node/chunks/node.js:[2m30143:14[22m[39m
[90m [2mÔØ»[22m loadAndTransform node_modules/vite/dist/node/chunks/node.js:[2m24468:26[22m[39m

[31m[2mÔÄ»ÔÄ»ÔÄ»ÔÄ»ÔÄ»ÔÄ»ÔÄ»ÔÄ»ÔÄ»ÔÄ»ÔÄ»ÔÄ»ÔÄ»ÔÄ»ÔÄ»ÔÄ»ÔÄ»ÔÄ»ÔÄ»ÔÄ»ÔÄ»ÔÄ»ÔÄ»ÔÄ»[1/2]ÔÄ»[22m[39m

[41m[1m FAIL [22m[49m [30m[43m 0 [49m[39m src/components/layout/RootLayout.test.tsx[2m [ 
src/components/layout/RootLayout.test.tsx ][22m
[31m[1mError[22m: Failed to resolve import "@/lib/auth-pages" from "src/components/layout/RootLayout.tsx". Does the 
file exist?[39m
  Plugin: [35mvite:import-analysis[39m
  File: [36mC:/git/kanban.2/src/components/layout/RootLayout.tsx[39m:7:27
[33m  4  |  import { usePathname } from "next/navigation";
  5  |  import { useAuth } from "@/hooks/useAuth";
  6  |  import { AUTH_PAGES } from "@/lib/auth-pages";
     |                              ^
  7  |  var _jsxFileName = "C:/git/kanban.2/src/components/layout/RootLayout.tsx";
  8  |  import { jsxDEV as _jsxDEV } from "react/jsx-dev-runtime";[39m
[90m [2mÔØ»[22m TransformPluginContext._formatLog node_modules/vite/dist/node/chunks/node.js:[2m30354:39[22m[39m
[90m [2mÔØ»[22m TransformPluginContext.error node_modules/vite/dist/node/chunks/node.js:[2m30351:14[22m[39m
[90m [2mÔØ»[22m normalizeUrl node_modules/vite/dist/node/chunks/node.js:[2m27633:18[22m[39m
[90m [2mÔØ»[22m node_modules/vite/dist/node/chunks/node.js:[2m27696:30[22m[39m
[90m [2mÔØ»[22m TransformPluginContext.transform node_modules/vite/dist/node/chunks/node.js:[2m27664:4[22m[39m
[90m [2mÔØ»[22m EnvironmentPluginContainer.transform 
node_modules/vite/dist/node/chunks/node.js:[2m30143:14[22m[39m
[90m [2mÔØ»[22m loadAndTransform node_modules/vite/dist/node/chunks/node.js:[2m24468:26[22m[39m

[31m[2mÔÄ»ÔÄ»ÔÄ»ÔÄ»ÔÄ»ÔÄ»ÔÄ»ÔÄ»ÔÄ»ÔÄ»ÔÄ»ÔÄ»ÔÄ»ÔÄ»ÔÄ»ÔÄ»ÔÄ»ÔÄ»ÔÄ»ÔÄ»ÔÄ»ÔÄ»ÔÄ»ÔÄ»[2/2]ÔÄ»[22m[39m


[2m Test Files [22m [1m[31m2 failed[39m[22m[2m | [22m[1m[32m17 passed[39m[22m[2m | [22m[33m2 skipped[39m[90m (21)[39m
[2m      Tests [22m [1m[32m198 passed[39m[22m[2m | [22m[33m14 skipped[39m[90m (216)[39m
[2m   Start at [22m 19:12:11
[2m   Duration [22m 71.29s[2m (transform 4.66s, setup 20.06s, import 31.87s, tests 26.44s, environment 95.11s)[22m

